npm error code ENOENT
npm error syscall open
npm error path c:\Users\igbun\repo\digimon-session-helper\package.json
npm error errno -4058
npm error enoent Could not read package.json: Error: ENOENT: no such file or directory, open 'c:\Users\igbun\repo\digimon-session-helper\package.json'
npm error enoent This is related to npm not being able to find a file.
npm error enoent
npm error A complete log of this run can be found in: C:\Users\igbun\AppData\Local\npm-cache\_logs\2026-02-02T13_07_42_752Z-debug-0.log
